<html>
<body>
<pre>
<h1>µVision Build Log</h1>
<h2>Tool Versions:</h2>
IDE-Version: ¦ÌVision V5.24.2.0
Copyright (C) 2017 ARM Ltd and ARM Germany GmbH. All rights reserved.
License Information: 1234 emmqaq123@163.com, 11, LIC=----
 
Tool Versions:
Toolchain:       MDK-Lite  Version: 5.24.1
Toolchain Path:  E:\keil5\ARM\ARMCC\Bin
C Compiler:      Armcc.exe V5.06 update 5 (build 528)
Assembler:       Armasm.exe V5.06 update 5 (build 528)
Linker/Locator:  ArmLink.exe V5.06 update 5 (build 528)
Library Manager: ArmAr.exe V5.06 update 5 (build 528)
Hex Converter:   FromElf.exe V5.06 update 5 (build 528)
CPU DLL:         SARMCM3.DLL V5.24.1
Dialog DLL:      DCM.DLL V1.16.0.0
Target DLL:      STLink\ST-LINKIII-KEIL_SWO.dll V3.0.1.0
Dialog DLL:      TCM.DLL V1.32.0.0
 
<h2>Project:</h2>
E:\FSECproject\RS485_To_CAN\MDK-ARM\RS485_To_CAN.uvprojx
Project File Date:  09/03/2026

<h2>Output:</h2>
*** Using Compiler 'V5.06 update 5 (build 528)', folder: 'E:\keil5\ARM\ARMCC\Bin'
Build target 'RS485_To_CAN'
compiling bsp_rs485.c...
compiling bsp_uart.c...
assembling startup_stm32f103xb.s...
compiling stm32f1xx_hal_rcc.c...
compiling gpio.c...
compiling can.c...
compiling stm32f1xx_hal_gpio_ex.c...
compiling stm32f1xx_it.c...
compiling usart.c...
compiling stm32f1xx_hal.c...
compiling main.c...
../User/Module/Inc/fsd13_rs485.h(53): warning:  #1-D: last line of file ends without a newline
  #endif
../Core/Src/main.c(104): warning:  #177-D: variable "buf"  was declared but never referenced
    char buf[64];
../Core/Src/main.c: 2 warnings, 0 errors
compiling system_stm32f1xx.c...
compiling stm32f1xx_hal_msp.c...
compiling stm32f1xx_hal_pwr.c...
compiling stm32f1xx_hal_rcc_ex.c...
compiling stm32f1xx_hal_flash.c...
compiling stm32f1xx_hal_exti.c...
compiling stm32f1xx_hal_cortex.c...
compiling stm32f1xx_hal_gpio.c...
compiling stm32f1xx_hal_flash_ex.c...
compiling fsd13_rs485.c...
../User/Module/Inc/fsd13_rs485.h(53): warning:  #1-D: last line of file ends without a newline
  #endif
..\User\Module\Src\fsd13_rs485.c(328): warning:  #1-D: last line of file ends without a newline
  }
..\User\Module\Src\fsd13_rs485.c(10): warning:  #550-D: variable "g_model"  was set but never used
  static FSD13_Model_t g_model = FSD13_30;
..\User\Module\Src\fsd13_rs485.c: 3 warnings, 0 errors
compiling stm32f1xx_hal_dma.c...
compiling stm32f1xx_hal_can.c...
compiling stm32f1xx_hal_uart.c...
linking...
Program Size: Code=7190 RO-data=346 RW-data=24 ZI-data=1816  
FromELF: creating hex file...
"RS485_To_CAN\RS485_To_CAN.axf" - 0 Error(s), 5 Warning(s).

<h2>Software Packages used:</h2>

Package Vendor: ARM
                http://www.keil.com/pack/ARM.CMSIS.5.9.0.pack
                ARM.CMSIS.5.9.0
                CMSIS (Common Microcontroller Software Interface Standard)
   * Component: CORE Version: 5.6.0

Package Vendor: Keil
                http://www.keil.com/pack/Keil.STM32F1xx_DFP.2.2.0.pack
                Keil.STM32F1xx_DFP.2.2.0
                STMicroelectronics STM32F1 Series Device Support, Drivers and Examples

<h2>Collection of Component include folders:</h2>
  .\RTE\_RS485_To_CAN
  E:\keil5\ARM\PACK\ARM\CMSIS\5.9.0\CMSIS\Core\Include
  E:\keil5\ARM\PACK\Keil\STM32F1xx_DFP\2.2.0\Device\Include

<h2>Collection of Component Files used:</h2>

   * Component: ARM::CMSIS:CORE:5.6.0
      Include file:  CMSIS\Core\Include\tz_context.h
Build Time Elapsed:  00:00:02
</pre>
</body>
</html>
